exports[`EventDetail Creators renders the creators grouped by role 1`] = `
<section>
  <h4>
    Creators
  </h4>
  <ul
    className="event-detail-creators">
    <li
      className="event-detail-creator">
      <strong>
        pencillers
      </strong>
      <span>
        Jack Kirby, Steve Ditko, John Romita Sr.
      </span>
    </li>
    <li
      className="event-detail-creator">
      <strong>
        writer
      </strong>
      <span>
        Stan Lee
      </span>
    </li>
  </ul>
</section>
`;
