exports[`App renders the App 1`] = `
<div
  className="app">
  <header
    className="app-header">
    <h1>
      Timeline of Marvel Events
    </h1>
  </header>
  <main>
    <Timeline />
  </main>
  <footer
    className="app-footer">
    <p>
      Data provided by Marvel. Â© 2014 Marvel
    </p>
  </footer>
</div>
`;
